
> codexmattrix-nextjs@1.0.0 dev
> next dev

▲ Next.js 16.3.4 (Turbopack)
- Local:         http://localhost:3000
- Network:       http://192.168.1.28:3000
- Environments: .env.local
✓ Ready in 689ms
✓ Running next.config.ts took 51ms

 GET /pricing 200 in 2.8s (next.js: 1389ms, application-code: 1405ms)
 GET /pricing 200 in 2.4s (next.js: 25ms, application-code: 2.4s)
 GET /api/_debug-pricing 404 in 2.6s (next.js: 1583ms, application-code: 974ms)
 GET /pricing 200 in 1642ms (next.js: 80ms, application-code: 1562ms)
 GET /pricing 200 in 967ms (next.js: 5ms, application-code: 962ms)
 GET /pricing 200 in 1242ms (next.js: 5ms, application-code: 1237ms)
 GET /pricing 200 in 1320ms (next.js: 9ms, application-code: 1310ms)
 GET /pricing 200 in 1554ms (next.js: 10ms, application-code: 1544ms)
 GET /pricing 200 in 2.7s (next.js: 166ms, application-code: 2.5s)
 GET /pricing 200 in 876ms (next.js: 5ms, application-code: 872ms)
 GET /pricing 200 in 1187ms (next.js: 4ms, application-code: 1182ms)
 GET /pricing 200 in 2.7s (next.js: 8ms, application-code: 2.7s)
 GET /pricing 200 in 2.6s (next.js: 5ms, application-code: 2.6s)
 GET /pricing 200 in 395ms (next.js: 5ms, application-code: 390ms)
 GET /pricing 200 in 712ms (next.js: 5ms, application-code: 707ms)
 GET /pricing 200 in 1182ms (next.js: 12ms, application-code: 1170ms)
 GET /pricing 200 in 937ms (next.js: 5ms, application-code: 933ms)
 GET /pricing 200 in 3.2s (next.js: 6ms, application-code: 3.2s)
 GET /pricing 200 in 2.4s (next.js: 11ms, application-code: 2.4s)
 GET /pricing 200 in 1819ms (next.js: 6ms, application-code: 1813ms)
 GET /pricing 200 in 1293ms (next.js: 8ms, application-code: 1285ms)
 GET /pricing 200 in 1571ms (next.js: 12ms, application-code: 1559ms)
 GET /pricing 200 in 1909ms (next.js: 8ms, application-code: 1901ms)
 GET /api/debug-pricing 200 in 3.8s (next.js: 1451ms, application-code: 2.3s)
 GET /pricing 200 in 1732ms (next.js: 14ms, application-code: 1718ms)
 GET /pricing 200 in 876ms (next.js: 9ms, application-code: 868ms)
 GET /pricing 200 in 807ms (next.js: 9ms, application-code: 798ms)
 GET /pricing 200 in 1878ms (next.js: 75ms, application-code: 1803ms)
 GET /pricing 200 in 1485ms (next.js: 9ms, application-code: 1476ms)
 GET /pricing 200 in 1407ms (next.js: 7ms, application-code: 1400ms)
 GET /pricing 200 in 822ms (next.js: 10ms, application-code: 812ms)
 GET /pricing 200 in 1112ms (next.js: 29ms, application-code: 1083ms)
 GET /pricing 200 in 632ms (next.js: 11ms, application-code: 620ms)
 GET /api/debug-pricing 200 in 37ms (next.js: 16ms, application-code: 22ms)
 GET /pricing?b=819004918 200 in 279ms (next.js: 5ms, application-code: 274ms)
 GET /pricing 200 in 454ms (next.js: 223ms, application-code: 231ms)
 GET /pricing 200 in 91ms (next.js: 7ms, application-code: 84ms)
 GET /pricing 200 in 169ms (next.js: 12ms, application-code: 157ms)
 GET /pricing 200 in 434ms (next.js: 11ms, application-code: 423ms)
 GET /pricing 200 in 465ms (next.js: 9ms, application-code: 456ms)
 GET /pricing 200 in 467ms (next.js: 5ms, application-code: 462ms)
 GET /pricing 200 in 484ms (next.js: 7ms, application-code: 476ms)
 GET /pricing 200 in 266ms (next.js: 6ms, application-code: 261ms)
 GET /pricing 200 in 194ms (next.js: 9ms, application-code: 184ms)
 GET /pricing 200 in 101ms (next.js: 11ms, application-code: 90ms)
 GET /pricing 200 in 261ms (next.js: 5ms, application-code: 256ms)
 GET /pricing 200 in 237ms (next.js: 6ms, application-code: 230ms)
 GET /pricing 200 in 214ms (next.js: 4ms, application-code: 210ms)
 GET /pricing 200 in 232ms (next.js: 7ms, application-code: 225ms)
 GET /pricing 200 in 261ms (next.js: 7ms, application-code: 254ms)
 GET /pricing 200 in 246ms (next.js: 6ms, application-code: 240ms)
 GET /pricing 200 in 251ms (next.js: 5ms, application-code: 246ms)
 GET /pricing 200 in 284ms (next.js: 6ms, application-code: 278ms)
 GET /pricing 200 in 250ms (next.js: 6ms, application-code: 244ms)
 GET /pricing 200 in 252ms (next.js: 6ms, application-code: 246ms)
 GET /pricing 200 in 246ms (next.js: 5ms, application-code: 241ms)
 GET /pricing 200 in 203ms (next.js: 5ms, application-code: 197ms)
 GET /pricing 200 in 196ms (next.js: 6ms, application-code: 190ms)
 GET /pricing 200 in 195ms (next.js: 7ms, application-code: 188ms)
 GET /pricing 200 in 149ms (next.js: 9ms, application-code: 140ms)
 GET /pricing 200 in 99ms (next.js: 10ms, application-code: 89ms)
 GET /pricing 200 in 51ms (next.js: 7ms, application-code: 45ms)
 GET /pricing 200 in 250ms (next.js: 4ms, application-code: 246ms)
 GET /pricing 200 in 148ms (next.js: 15ms, application-code: 132ms)
 GET /pricing 200 in 690ms (next.js: 5ms, application-code: 685ms)
 GET /pricing 200 in 796ms (next.js: 62ms, application-code: 734ms)
 GET /pricing 200 in 133ms (next.js: 9ms, application-code: 124ms)
 GET /pricing 200 in 1885ms (next.js: 5ms, application-code: 1881ms)
 GET /pricing 200 in 805ms (next.js: 14ms, application-code: 792ms)
 GET /pricing 200 in 252ms (next.js: 94ms, application-code: 158ms)
 GET /pricing?b=1589721437 200 in 163ms (next.js: 5ms, application-code: 158ms)
 GET /pricing?b=1228603675 200 in 105ms (next.js: 5ms, application-code: 100ms)
 GET /pricing?b=1623273544 200 in 99ms (next.js: 4ms, application-code: 95ms)
 GET /pricing 200 in 112ms (next.js: 8ms, application-code: 104ms)
 GET /pricing 200 in 101ms (next.js: 9ms, application-code: 92ms)
 GET /pricing 200 in 906ms (next.js: 6ms, application-code: 900ms)
 GET /pricing 200 in 782ms (next.js: 18ms, application-code: 764ms)
 GET /pricing 200 in 676ms (next.js: 8ms, application-code: 669ms)
 GET /pricing 200 in 831ms (next.js: 24ms, application-code: 807ms)
 GET /pricing 200 in 104ms (next.js: 6ms, application-code: 99ms)
 GET /pricing 200 in 116ms (next.js: 13ms, application-code: 103ms)
 GET /pricing 200 in 100ms (next.js: 4ms, application-code: 96ms)
 GET /pricing 200 in 1008ms (next.js: 54ms, application-code: 954ms)
 GET /pricing 200 in 1059ms (next.js: 8ms, application-code: 1050ms)
 GET /pricing 200 in 756ms (next.js: 6ms, application-code: 750ms)
 GET /pricing 200 in 892ms (next.js: 8ms, application-code: 884ms)
✓ Compiled in 1008ms
 GET /pricing 200 in 152ms (next.js: 17ms, application-code: 135ms)
✓ Compiled in 797ms
 GET /pricing 200 in 108ms (next.js: 12ms, application-code: 96ms)
✓ Compiled in 630ms
 GET /pricing 200 in 110ms (next.js: 10ms, application-code: 101ms)
 GET /pricing 200 in 108ms (next.js: 11ms, application-code: 96ms)
 GET /contact 200 in 498ms (next.js: 248ms, application-code: 249ms)
 GET /pricing 200 in 3.4s (next.js: 88ms, application-code: 3.3s)
 GET /pricing 200 in 155ms (next.js: 11ms, application-code: 145ms)
 GET /pricing 200 in 760ms (next.js: 6ms, application-code: 754ms)
 GET /pricing 200 in 842ms (next.js: 6ms, application-code: 836ms)
 GET /pricing 200 in 1155ms (next.js: 7ms, application-code: 1149ms)
 GET /pricing 200 in 1051ms (next.js: 23ms, application-code: 1028ms)
 GET /contact 200 in 184ms (next.js: 13ms, application-code: 171ms)
 GET /pricing 200 in 543ms (next.js: 26ms, application-code: 516ms)
✓ Compiled in 1108ms
✓ Compiled in 605ms
✓ Compiled in 575ms
✓ Compiled in 103ms
✓ Compiled in 4.4s
 GET /pricing 200 in 628ms (next.js: 50ms, application-code: 578ms)
 GET / 200 in 628ms (next.js: 120ms, application-code: 508ms)
 GET /pricing 200 in 219ms (next.js: 8ms, application-code: 210ms)
 GET /contact 200 in 173ms (next.js: 17ms, application-code: 157ms)
 GET /pricing 200 in 266ms (next.js: 13ms, application-code: 253ms)
 GET /pricing 200 in 166ms (next.js: 10ms, application-code: 156ms)
 GET /pricing 200 in 273ms (next.js: 7ms, application-code: 267ms)
 GET /pricing 200 in 82ms (next.js: 3ms, application-code: 79ms)
 GET / 200 in 1288ms (next.js: 19ms, application-code: 1269ms)
 GET /pricing 200 in 387ms (next.js: 20ms, application-code: 366ms)
 GET /contact 200 in 294ms (next.js: 16ms, application-code: 278ms)
 GET /about 200 in 3.4s (next.js: 3.1s, application-code: 325ms)
 GET /faq 200 in 502ms (next.js: 151ms, application-code: 351ms)
 GET /services 200 in 366ms (next.js: 138ms, application-code: 228ms)
 GET /case-studies 200 in 517ms (next.js: 100ms, application-code: 416ms)
 GET /process 200 in 1580ms (next.js: 1038ms, application-code: 542ms)
[browser] ./app/globals.css
Error: Error evaluating Node.js code
CssSyntaxError: C:\Users\Karan\my-next-app\app\globals.css:1:28226: Unclosed block
    [at Input.error (turbopack:///[project]/node_modules/postcss/lib/input.js:135:16)]
    [at Parser.unclosedBlock (turbopack:///[project]/node_modules/postcss/lib/parser.js:585:22)]
    [at Parser.endFile (turbopack:///[project]/node_modules/postcss/lib/parser.js:342:35)]
    [at Parser.parse (turbopack:///[project]/node_modules/postcss/lib/parser.js:486:10)]
    [at parser (turbopack:///[project]/node_modules/postcss/lib/parse.js:11:12)]
    [at new LazyResult (turbopack:///[project]/node_modules/postcss/lib/lazy-result.js:171:16)]
    [at Processor.process (turbopack:///[project]/node_modules/postcss/lib/processor.js:53:14)]
    [at transform (turbopack:///[turbopack-node]/transforms/postcss.ts?config=[project]/postcss.config.mjs:70:51)]
    [at run (turbopack:///[turbopack-node]/child_process/evaluate.ts:89:29)]
    [at run (turbopack:///[turbopack-node]/child_process/evaluate.ts:112:11)]

Import trace:
  Client Component Browser:
    ./app/globals.css [Client Component Browser]
    ./app/layout.tsx [Server Component] 
[browser] ./app/globals.css
Error: Error evaluating Node.js code
CssSyntaxError: C:\Users\Karan\my-next-app\app\globals.css:244:3: Unclosed block
    [at Input.error (turbopack:///[project]/node_modules/postcss/lib/input.js:135:16)]
    [at Parser.unclosedBlock (turbopack:///[project]/node_modules/postcss/lib/parser.js:585:22)]
    [at Parser.endFile (turbopack:///[project]/node_modules/postcss/lib/parser.js:342:35)]
    [at Parser.parse (turbopack:///[project]/node_modules/postcss/lib/parser.js:486:10)]
    [at parser (turbopack:///[project]/node_modules/postcss/lib/parse.js:11:12)]
    [at new LazyResult (turbopack:///[project]/node_modules/postcss/lib/lazy-result.js:171:16)]
    [at Processor.process (turbopack:///[project]/node_modules/postcss/lib/processor.js:53:14)]
    [at transform (turbopack:///[turbopack-node]/transforms/postcss.ts?config=[project]/postcss.config.mjs:70:51)]
    [at run (turbopack:///[turbopack-node]/child_process/evaluate.ts:89:29)]
    [at run (turbopack:///[turbopack-node]/child_process/evaluate.ts:112:11)]

Import trace:
  Client Component Browser:
    ./app/globals.css [Client Component Browser]
    ./app/layout.tsx [Server Component] 
[browser] ./app/globals.css
Error: Error evaluating Node.js code
CssSyntaxError: C:\Users\Karan\my-next-app\app\globals.css:7:7: Unknown word Brand
    [at Input.error (turbopack:///[project]/node_modules/postcss/lib/input.js:135:16)]
    [at Parser.unknownWord (turbopack:///[project]/node_modules/postcss/lib/parser.js:605:22)]
    [at Parser.decl (turbopack:///[project]/node_modules/postcss/lib/parser.js:242:14)]
    [at Parser.other (turbopack:///[project]/node_modules/postcss/lib/parser.js:411:18)]
    [at Parser.parse (turbopack:///[project]/node_modules/postcss/lib/parser.js:482:16)]
    [at parser (turbopack:///[project]/node_modules/postcss/lib/parse.js:11:12)]
    [at new LazyResult (turbopack:///[project]/node_modules/postcss/lib/lazy-result.js:171:16)]
    [at Processor.process (turbopack:///[project]/node_modules/postcss/lib/processor.js:53:14)]
    [at transform (turbopack:///[turbopack-node]/transforms/postcss.ts?config=[project]/postcss.config.mjs:70:51)]
    [at run (turbopack:///[turbopack-node]/child_process/evaluate.ts:89:29)]

Import trace:
  Client Component Browser:
    ./app/globals.css [Client Component Browser]
    ./app/layout.tsx [Server Component] 
[browser] ./app/globals.css
Error: Error evaluating Node.js code
CssSyntaxError: C:\Users\Karan\my-next-app\app\globals.css:7:7: Unknown word Brand
    [at Input.error (turbopack:///[project]/node_modules/postcss/lib/input.js:135:16)]
    [at Parser.unknownWord (turbopack:///[project]/node_modules/postcss/lib/parser.js:605:22)]
    [at Parser.decl (turbopack:///[project]/node_modules/postcss/lib/parser.js:242:14)]
    [at Parser.other (turbopack:///[project]/node_modules/postcss/lib/parser.js:411:18)]
    [at Parser.parse (turbopack:///[project]/node_modules/postcss/lib/parser.js:482:16)]
    [at parser (turbopack:///[project]/node_modules/postcss/lib/parse.js:11:12)]
    [at new LazyResult (turbopack:///[project]/node_modules/postcss/lib/lazy-result.js:171:16)]
    [at Processor.process (turbopack:///[project]/node_modules/postcss/lib/processor.js:53:14)]
    [at transform (turbopack:///[turbopack-node]/transforms/postcss.ts?config=[project]/postcss.config.mjs:70:51)]
    [at run (turbopack:///[turbopack-node]/child_process/evaluate.ts:89:29)]

Import trace:
  Client Component Browser:
    ./app/globals.css [Client Component Browser]
    ./app/layout.tsx [Server Component] 
[browser] ./app/globals.css
Error: Error evaluating Node.js code
CssSyntaxError: C:\Users\Karan\my-next-app\app\globals.css:7:7: Unknown word Brand
    [at Input.error (turbopack:///[project]/node_modules/postcss/lib/input.js:135:16)]
    [at Parser.unknownWord (turbopack:///[project]/node_modules/postcss/lib/parser.js:605:22)]
    [at Parser.decl (turbopack:///[project]/node_modules/postcss/lib/parser.js:242:14)]
    [at Parser.other (turbopack:///[project]/node_modules/postcss/lib/parser.js:411:18)]
    [at Parser.parse (turbopack:///[project]/node_modules/postcss/lib/parser.js:482:16)]
    [at parser (turbopack:///[project]/node_modules/postcss/lib/parse.js:11:12)]
    [at new LazyResult (turbopack:///[project]/node_modules/postcss/lib/lazy-result.js:171:16)]
    [at Processor.process (turbopack:///[project]/node_modules/postcss/lib/processor.js:53:14)]
    [at transform (turbopack:///[turbopack-node]/transforms/postcss.ts?config=[project]/postcss.config.mjs:70:51)]
    [at run (turbopack:///[turbopack-node]/child_process/evaluate.ts:89:29)]

Import trace:
  Client Component Browser:
    ./app/globals.css [Client Component Browser]
    ./app/layout.tsx [Server Component] 
[browser] ./app/globals.css
Error: Error evaluating Node.js code
CssSyntaxError: C:\Users\Karan\my-next-app\app\globals.css:7:7: Unknown word Brand
    [at Input.error (turbopack:///[project]/node_modules/postcss/lib/input.js:135:16)]
    [at Parser.unknownWord (turbopack:///[project]/node_modules/postcss/lib/parser.js:605:22)]
    [at Parser.decl (turbopack:///[project]/node_modules/postcss/lib/parser.js:242:14)]
    [at Parser.other (turbopack:///[project]/node_modules/postcss/lib/parser.js:411:18)]
    [at Parser.parse (turbopack:///[project]/node_modules/postcss/lib/parser.js:482:16)]
    [at parser (turbopack:///[project]/node_modules/postcss/lib/parse.js:11:12)]
    [at new LazyResult (turbopack:///[project]/node_modules/postcss/lib/lazy-result.js:171:16)]
    [at Processor.process (turbopack:///[project]/node_modules/postcss/lib/processor.js:53:14)]
    [at transform (turbopack:///[turbopack-node]/transforms/postcss.ts?config=[project]/postcss.config.mjs:70:51)]
    [at run (turbopack:///[turbopack-node]/child_process/evaluate.ts:89:29)]

Import trace:
  Client Component Browser:
    ./app/globals.css [Client Component Browser]
    ./app/layout.tsx [Server Component] 
[browser] ./app/globals.css
Error: Error evaluating Node.js code
CssSyntaxError: C:\Users\Karan\my-next-app\app\globals.css:7:7: Unknown word Brand
    [at Input.error (turbopack:///[project]/node_modules/postcss/lib/input.js:135:16)]
    [at Parser.unknownWord (turbopack:///[project]/node_modules/postcss/lib/parser.js:605:22)]
    [at Parser.decl (turbopack:///[project]/node_modules/postcss/lib/parser.js:242:14)]
    [at Parser.other (turbopack:///[project]/node_modules/postcss/lib/parser.js:411:18)]
    [at Parser.parse (turbopack:///[project]/node_modules/postcss/lib/parser.js:482:16)]
    [at parser (turbopack:///[project]/node_modules/postcss/lib/parse.js:11:12)]
    [at new LazyResult (turbopack:///[project]/node_modules/postcss/lib/lazy-result.js:171:16)]
    [at Processor.process (turbopack:///[project]/node_modules/postcss/lib/processor.js:53:14)]
    [at transform (turbopack:///[turbopack-node]/transforms/postcss.ts?config=[project]/postcss.config.mjs:70:51)]
    [at run (turbopack:///[turbopack-node]/child_process/evaluate.ts:89:29)]

Import trace:
  Client Component Browser:
    ./app/globals.css [Client Component Browser]
    ./app/layout.tsx [Server Component] 
[browser] ./app/globals.css
Error: Error evaluating Node.js code
CssSyntaxError: C:\Users\Karan\my-next-app\app\globals.css:7:7: Unknown word Brand
    [at Input.error (turbopack:///[project]/node_modules/postcss/lib/input.js:135:16)]
    [at Parser.unknownWord (turbopack:///[project]/node_modules/postcss/lib/parser.js:605:22)]
    [at Parser.decl (turbopack:///[project]/node_modules/postcss/lib/parser.js:242:14)]
    [at Parser.other (turbopack:///[project]/node_modules/postcss/lib/parser.js:411:18)]
    [at Parser.parse (turbopack:///[project]/node_modules/postcss/lib/parser.js:482:16)]
    [at parser (turbopack:///[project]/node_modules/postcss/lib/parse.js:11:12)]
    [at new LazyResult (turbopack:///[project]/node_modules/postcss/lib/lazy-result.js:171:16)]
    [at Processor.process (turbopack:///[project]/node_modules/postcss/lib/processor.js:53:14)]
    [at transform (turbopack:///[turbopack-node]/transforms/postcss.ts?config=[project]/postcss.config.mjs:70:51)]
    [at run (turbopack:///[turbopack-node]/child_process/evaluate.ts:89:29)]

Import trace:
  Client Component Browser:
    ./app/globals.css [Client Component Browser]
    ./app/layout.tsx [Server Component] 
[browser] ./app/globals.css
Error: Error evaluating Node.js code
CssSyntaxError: C:\Users\Karan\my-next-app\app\globals.css:7:7: Unknown word Brand
    [at Input.error (turbopack:///[project]/node_modules/postcss/lib/input.js:135:16)]
    [at Parser.unknownWord (turbopack:///[project]/node_modules/postcss/lib/parser.js:605:22)]
    [at Parser.decl (turbopack:///[project]/node_modules/postcss/lib/parser.js:242:14)]
    [at Parser.other (turbopack:///[project]/node_modules/postcss/lib/parser.js:411:18)]
    [at Parser.parse (turbopack:///[project]/node_modules/postcss/lib/parser.js:482:16)]
    [at parser (turbopack:///[project]/node_modules/postcss/lib/parse.js:11:12)]
    [at new LazyResult (turbopack:///[project]/node_modules/postcss/lib/lazy-result.js:171:16)]
    [at Processor.process (turbopack:///[project]/node_modules/postcss/lib/processor.js:53:14)]
    [at transform (turbopack:///[turbopack-node]/transforms/postcss.ts?config=[project]/postcss.config.mjs:70:51)]
    [at run (turbopack:///[turbopack-node]/child_process/evaluate.ts:89:29)]

Import trace:
  Client Component Browser:
    ./app/globals.css [Client Component Browser]
    ./app/layout.tsx [Server Component] 
[browser] ./app/globals.css
Error: Error evaluating Node.js code
CssSyntaxError: C:\Users\Karan\my-next-app\app\globals.css:7:7: Unknown word Brand
    [at Input.error (turbopack:///[project]/node_modules/postcss/lib/input.js:135:16)]
    [at Parser.unknownWord (turbopack:///[project]/node_modules/postcss/lib/parser.js:605:22)]
    [at Parser.decl (turbopack:///[project]/node_modules/postcss/lib/parser.js:242:14)]
    [at Parser.other (turbopack:///[project]/node_modules/postcss/lib/parser.js:411:18)]
    [at Parser.parse (turbopack:///[project]/node_modules/postcss/lib/parser.js:482:16)]
    [at parser (turbopack:///[project]/node_modules/postcss/lib/parse.js:11:12)]
    [at new LazyResult (turbopack:///[project]/node_modules/postcss/lib/lazy-result.js:171:16)]
    [at Processor.process (turbopack:///[project]/node_modules/postcss/lib/processor.js:53:14)]
    [at transform (turbopack:///[turbopack-node]/transforms/postcss.ts?config=[project]/postcss.config.mjs:70:51)]
    [at run (turbopack:///[turbopack-node]/child_process/evaluate.ts:89:29)]

Import trace:
  Client Component Browser:
    ./app/globals.css [Client Component Browser]
    ./app/layout.tsx [Server Component] 
[browser] ./app/globals.css
Error: Error evaluating Node.js code
CssSyntaxError: C:\Users\Karan\my-next-app\app\globals.css:7:7: Unknown word Brand
    [at Input.error (turbopack:///[project]/node_modules/postcss/lib/input.js:135:16)]
    [at Parser.unknownWord (turbopack:///[project]/node_modules/postcss/lib/parser.js:605:22)]
    [at Parser.decl (turbopack:///[project]/node_modules/postcss/lib/parser.js:242:14)]
    [at Parser.other (turbopack:///[project]/node_modules/postcss/lib/parser.js:411:18)]
    [at Parser.parse (turbopack:///[project]/node_modules/postcss/lib/parser.js:482:16)]
    [at parser (turbopack:///[project]/node_modules/postcss/lib/parse.js:11:12)]
    [at new LazyResult (turbopack:///[project]/node_modules/postcss/lib/lazy-result.js:171:16)]
    [at Processor.process (turbopack:///[project]/node_modules/postcss/lib/processor.js:53:14)]
    [at transform (turbopack:///[turbopack-node]/transforms/postcss.ts?config=[project]/postcss.config.mjs:70:51)]
    [at run (turbopack:///[turbopack-node]/child_process/evaluate.ts:89:29)]

Import trace:
  Client Component Browser:
    ./app/globals.css [Client Component Browser]
    ./app/layout.tsx [Server Component] 
[browser] ./app/globals.css
Error: Error evaluating Node.js code
CssSyntaxError: C:\Users\Karan\my-next-app\app\globals.css:7:7: Unknown word Brand
    [at Input.error (turbopack:///[project]/node_modules/postcss/lib/input.js:135:16)]
    [at Parser.unknownWord (turbopack:///[project]/node_modules/postcss/lib/parser.js:605:22)]
    [at Parser.decl (turbopack:///[project]/node_modules/postcss/lib/parser.js:242:14)]
    [at Parser.other (turbopack:///[project]/node_modules/postcss/lib/parser.js:411:18)]
    [at Parser.parse (turbopack:///[project]/node_modules/postcss/lib/parser.js:482:16)]
    [at parser (turbopack:///[project]/node_modules/postcss/lib/parse.js:11:12)]
    [at new LazyResult (turbopack:///[project]/node_modules/postcss/lib/lazy-result.js:171:16)]
    [at Processor.process (turbopack:///[project]/node_modules/postcss/lib/processor.js:53:14)]
    [at transform (turbopack:///[turbopack-node]/transforms/postcss.ts?config=[project]/postcss.config.mjs:70:51)]
    [at run (turbopack:///[turbopack-node]/child_process/evaluate.ts:89:29)]

Import trace:
  Client Component Browser:
    ./app/globals.css [Client Component Browser]
    ./app/layout.tsx [Server Component] 
[browser] ./app/globals.css
Error: Error evaluating Node.js code
CssSyntaxError: C:\Users\Karan\my-next-app\app\globals.css:7:7: Unknown word Brand
    [at Input.error (turbopack:///[project]/node_modules/postcss/lib/input.js:135:16)]
    [at Parser.unknownWord (turbopack:///[project]/node_modules/postcss/lib/parser.js:605:22)]
    [at Parser.decl (turbopack:///[project]/node_modules/postcss/lib/parser.js:242:14)]
    [at Parser.other (turbopack:///[project]/node_modules/postcss/lib/parser.js:411:18)]
    [at Parser.parse (turbopack:///[project]/node_modules/postcss/lib/parser.js:482:16)]
    [at parser (turbopack:///[project]/node_modules/postcss/lib/parse.js:11:12)]
    [at new LazyResult (turbopack:///[project]/node_modules/postcss/lib/lazy-result.js:171:16)]
    [at Processor.process (turbopack:///[project]/node_modules/postcss/lib/processor.js:53:14)]
    [at transform (turbopack:///[turbopack-node]/transforms/postcss.ts?config=[project]/postcss.config.mjs:70:51)]
    [at run (turbopack:///[turbopack-node]/child_process/evaluate.ts:89:29)]

Import trace:
  Client Component Browser:
    ./app/globals.css [Client Component Browser]
    ./app/layout.tsx [Server Component] 
[browser] ./app/globals.css
Error: Error evaluating Node.js code
CssSyntaxError: C:\Users\Karan\my-next-app\app\globals.css:7:7: Unknown word Brand
    [at Input.error (turbopack:///[project]/node_modules/postcss/lib/input.js:135:16)]
    [at Parser.unknownWord (turbopack:///[project]/node_modules/postcss/lib/parser.js:605:22)]
    [at Parser.decl (turbopack:///[project]/node_modules/postcss/lib/parser.js:242:14)]
    [at Parser.other (turbopack:///[project]/node_modules/postcss/lib/parser.js:411:18)]
    [at Parser.parse (turbopack:///[project]/node_modules/postcss/lib/parser.js:482:16)]
    [at parser (turbopack:///[project]/node_modules/postcss/lib/parse.js:11:12)]
    [at new LazyResult (turbopack:///[project]/node_modules/postcss/lib/lazy-result.js:171:16)]
    [at Processor.process (turbopack:///[project]/node_modules/postcss/lib/processor.js:53:14)]
    [at transform (turbopack:///[turbopack-node]/transforms/postcss.ts?config=[project]/postcss.config.mjs:70:51)]
    [at run (turbopack:///[turbopack-node]/child_process/evaluate.ts:89:29)]

Import trace:
  Client Component Browser:
    ./app/globals.css [Client Component Browser]
    ./app/layout.tsx [Server Component] 
[browser] ./app/globals.css
Error: Error evaluating Node.js code
CssSyntaxError: C:\Users\Karan\my-next-app\app\globals.css:7:7: Unknown word Brand
    [at Input.error (turbopack:///[project]/node_modules/postcss/lib/input.js:135:16)]
    [at Parser.unknownWord (turbopack:///[project]/node_modules/postcss/lib/parser.js:605:22)]
    [at Parser.decl (turbopack:///[project]/node_modules/postcss/lib/parser.js:242:14)]
    [at Parser.other (turbopack:///[project]/node_modules/postcss/lib/parser.js:411:18)]
    [at Parser.parse (turbopack:///[project]/node_modules/postcss/lib/parser.js:482:16)]
    [at parser (turbopack:///[project]/node_modules/postcss/lib/parse.js:11:12)]
    [at new LazyResult (turbopack:///[project]/node_modules/postcss/lib/lazy-result.js:171:16)]
    [at Processor.process (turbopack:///[project]/node_modules/postcss/lib/processor.js:53:14)]
    [at transform (turbopack:///[turbopack-node]/transforms/postcss.ts?config=[project]/postcss.config.mjs:70:51)]
    [at run (turbopack:///[turbopack-node]/child_process/evaluate.ts:89:29)]

Import trace:
  Client Component Browser:
    ./app/globals.css [Client Component Browser]
    ./app/layout.tsx [Server Component] 
[browser] ./app/globals.css
Error: Error evaluating Node.js code
CssSyntaxError: C:\Users\Karan\my-next-app\app\globals.css:7:7: Unknown word Brand
    [at Input.error (turbopack:///[project]/node_modules/postcss/lib/input.js:135:16)]
    [at Parser.unknownWord (turbopack:///[project]/node_modules/postcss/lib/parser.js:605:22)]
    [at Parser.decl (turbopack:///[project]/node_modules/postcss/lib/parser.js:242:14)]
    [at Parser.other (turbopack:///[project]/node_modules/postcss/lib/parser.js:411:18)]
    [at Parser.parse (turbopack:///[project]/node_modules/postcss/lib/parser.js:482:16)]
    [at parser (turbopack:///[project]/node_modules/postcss/lib/parse.js:11:12)]
    [at new LazyResult (turbopack:///[project]/node_modules/postcss/lib/lazy-result.js:171:16)]
    [at Processor.process (turbopack:///[project]/node_modules/postcss/lib/processor.js:53:14)]
    [at transform (turbopack:///[turbopack-node]/transforms/postcss.ts?config=[project]/postcss.config.mjs:70:51)]
    [at run (turbopack:///[turbopack-node]/child_process/evaluate.ts:89:29)]

Import trace:
  Client Component Browser:
    ./app/globals.css [Client Component Browser]
    ./app/layout.tsx [Server Component] 
[browser] ./app/globals.css
Error: Error evaluating Node.js code
CssSyntaxError: C:\Users\Karan\my-next-app\app\globals.css:7:7: Unknown word Brand
    [at Input.error (turbopack:///[project]/node_modules/postcss/lib/input.js:135:16)]
    [at Parser.unknownWord (turbopack:///[project]/node_modules/postcss/lib/parser.js:605:22)]
    [at Parser.decl (turbopack:///[project]/node_modules/postcss/lib/parser.js:242:14)]
    [at Parser.other (turbopack:///[project]/node_modules/postcss/lib/parser.js:411:18)]
    [at Parser.parse (turbopack:///[project]/node_modules/postcss/lib/parser.js:482:16)]
    [at parser (turbopack:///[project]/node_modules/postcss/lib/parse.js:11:12)]
    [at new LazyResult (turbopack:///[project]/node_modules/postcss/lib/lazy-result.js:171:16)]
    [at Processor.process (turbopack:///[project]/node_modules/postcss/lib/processor.js:53:14)]
    [at transform (turbopack:///[turbopack-node]/transforms/postcss.ts?config=[project]/postcss.config.mjs:70:51)]
    [at run (turbopack:///[turbopack-node]/child_process/evaluate.ts:89:29)]

Import trace:
  Client Component Browser:
    ./app/globals.css [Client Component Browser]
    ./app/layout.tsx [Server Component] 
[browser] ./app/globals.css
Error: Error evaluating Node.js code
CssSyntaxError: C:\Users\Karan\my-next-app\app\globals.css:7:7: Unknown word Brand
    [at Input.error (turbopack:///[project]/node_modules/postcss/lib/input.js:135:16)]
    [at Parser.unknownWord (turbopack:///[project]/node_modules/postcss/lib/parser.js:605:22)]
    [at Parser.decl (turbopack:///[project]/node_modules/postcss/lib/parser.js:242:14)]
    [at Parser.other (turbopack:///[project]/node_modules/postcss/lib/parser.js:411:18)]
    [at Parser.parse (turbopack:///[project]/node_modules/postcss/lib/parser.js:482:16)]
    [at parser (turbopack:///[project]/node_modules/postcss/lib/parse.js:11:12)]
    [at new LazyResult (turbopack:///[project]/node_modules/postcss/lib/lazy-result.js:171:16)]
    [at Processor.process (turbopack:///[project]/node_modules/postcss/lib/processor.js:53:14)]
    [at transform (turbopack:///[turbopack-node]/transforms/postcss.ts?config=[project]/postcss.config.mjs:70:51)]
    [at run (turbopack:///[turbopack-node]/child_process/evaluate.ts:89:29)]

Import trace:
  Client Component Browser:
    ./app/globals.css [Client Component Browser]
    ./app/layout.tsx [Server Component] 
[browser] ./app/globals.css
Error: Error evaluating Node.js code
CssSyntaxError: C:\Users\Karan\my-next-app\app\globals.css:7:7: Unknown word Brand
    [at Input.error (turbopack:///[project]/node_modules/postcss/lib/input.js:135:16)]
    [at Parser.unknownWord (turbopack:///[project]/node_modules/postcss/lib/parser.js:605:22)]
    [at Parser.decl (turbopack:///[project]/node_modules/postcss/lib/parser.js:242:14)]
    [at Parser.other (turbopack:///[project]/node_modules/postcss/lib/parser.js:411:18)]
    [at Parser.parse (turbopack:///[project]/node_modules/postcss/lib/parser.js:482:16)]
    [at parser (turbopack:///[project]/node_modules/postcss/lib/parse.js:11:12)]
    [at new LazyResult (turbopack:///[project]/node_modules/postcss/lib/lazy-result.js:171:16)]
    [at Processor.process (turbopack:///[project]/node_modules/postcss/lib/processor.js:53:14)]
    [at transform (turbopack:///[turbopack-node]/transforms/postcss.ts?config=[project]/postcss.config.mjs:70:51)]
    [at run (turbopack:///[turbopack-node]/child_process/evaluate.ts:89:29)]

Import trace:
  Client Component Browser:
    ./app/globals.css [Client Component Browser]
    ./app/layout.tsx [Server Component] 
[browser] ./app/globals.css
Error: Error evaluating Node.js code
CssSyntaxError: C:\Users\Karan\my-next-app\app\globals.css:7:7: Unknown word Brand
    [at Input.error (turbopack:///[project]/node_modules/postcss/lib/input.js:135:16)]
    [at Parser.unknownWord (turbopack:///[project]/node_modules/postcss/lib/parser.js:605:22)]
    [at Parser.decl (turbopack:///[project]/node_modules/postcss/lib/parser.js:242:14)]
    [at Parser.other (turbopack:///[project]/node_modules/postcss/lib/parser.js:411:18)]
    [at Parser.parse (turbopack:///[project]/node_modules/postcss/lib/parser.js:482:16)]
    [at parser (turbopack:///[project]/node_modules/postcss/lib/parse.js:11:12)]
    [at new LazyResult (turbopack:///[project]/node_modules/postcss/lib/lazy-result.js:171:16)]
    [at Processor.process (turbopack:///[project]/node_modules/postcss/lib/processor.js:53:14)]
    [at transform (turbopack:///[turbopack-node]/transforms/postcss.ts?config=[project]/postcss.config.mjs:70:51)]
    [at run (turbopack:///[turbopack-node]/child_process/evaluate.ts:89:29)]

Import trace:
  Client Component Browser:
    ./app/globals.css [Client Component Browser]
    ./app/layout.tsx [Server Component] 
[browser] ./app/globals.css
Error: Error evaluating Node.js code
CssSyntaxError: C:\Users\Karan\my-next-app\app\globals.css:7:7: Unknown word Brand
    [at Input.error (turbopack:///[project]/node_modules/postcss/lib/input.js:135:16)]
    [at Parser.unknownWord (turbopack:///[project]/node_modules/postcss/lib/parser.js:605:22)]
    [at Parser.decl (turbopack:///[project]/node_modules/postcss/lib/parser.js:242:14)]
    [at Parser.other (turbopack:///[project]/node_modules/postcss/lib/parser.js:411:18)]
    [at Parser.parse (turbopack:///[project]/node_modules/postcss/lib/parser.js:482:16)]
    [at parser (turbopack:///[project]/node_modules/postcss/lib/parse.js:11:12)]
    [at new LazyResult (turbopack:///[project]/node_modules/postcss/lib/lazy-result.js:171:16)]
    [at Processor.process (turbopack:///[project]/node_modules/postcss/lib/processor.js:53:14)]
    [at transform (turbopack:///[turbopack-node]/transforms/postcss.ts?config=[project]/postcss.config.mjs:70:51)]
    [at run (turbopack:///[turbopack-node]/child_process/evaluate.ts:89:29)]

Import trace:
  Client Component Browser:
    ./app/globals.css [Client Component Browser]
    ./app/layout.tsx [Server Component] 
[browser] ./app/globals.css
Error: Error evaluating Node.js code
CssSyntaxError: C:\Users\Karan\my-next-app\app\globals.css:7:7: Unknown word Brand
    [at Input.error (turbopack:///[project]/node_modules/postcss/lib/input.js:135:16)]
    [at Parser.unknownWord (turbopack:///[project]/node_modules/postcss/lib/parser.js:605:22)]
    [at Parser.decl (turbopack:///[project]/node_modules/postcss/lib/parser.js:242:14)]
    [at Parser.other (turbopack:///[project]/node_modules/postcss/lib/parser.js:411:18)]
    [at Parser.parse (turbopack:///[project]/node_modules/postcss/lib/parser.js:482:16)]
    [at parser (turbopack:///[project]/node_modules/postcss/lib/parse.js:11:12)]
    [at new LazyResult (turbopack:///[project]/node_modules/postcss/lib/lazy-result.js:171:16)]
    [at Processor.process (turbopack:///[project]/node_modules/postcss/lib/processor.js:53:14)]
    [at transform (turbopack:///[turbopack-node]/transforms/postcss.ts?config=[project]/postcss.config.mjs:70:51)]
    [at run (turbopack:///[turbopack-node]/child_process/evaluate.ts:89:29)]

Import trace:
  Client Component Browser:
    ./app/globals.css [Client Component Browser]
    ./app/layout.tsx [Server Component] 
[browser] ./app/globals.css
Error: Error evaluating Node.js code
CssSyntaxError: C:\Users\Karan\my-next-app\app\globals.css:7:7: Unknown word Brand
    [at Input.error (turbopack:///[project]/node_modules/postcss/lib/input.js:135:16)]
    [at Parser.unknownWord (turbopack:///[project]/node_modules/postcss/lib/parser.js:605:22)]
    [at Parser.decl (turbopack:///[project]/node_modules/postcss/lib/parser.js:242:14)]
    [at Parser.other (turbopack:///[project]/node_modules/postcss/lib/parser.js:411:18)]
    [at Parser.parse (turbopack:///[project]/node_modules/postcss/lib/parser.js:482:16)]
    [at parser (turbopack:///[project]/node_modules/postcss/lib/parse.js:11:12)]
    [at new LazyResult (turbopack:///[project]/node_modules/postcss/lib/lazy-result.js:171:16)]
    [at Processor.process (turbopack:///[project]/node_modules/postcss/lib/processor.js:53:14)]
    [at transform (turbopack:///[turbopack-node]/transforms/postcss.ts?config=[project]/postcss.config.mjs:70:51)]
    [at run (turbopack:///[turbopack-node]/child_process/evaluate.ts:89:29)]

Import trace:
  Client Component Browser:
    ./app/globals.css [Client Component Browser]
    ./app/layout.tsx [Server Component] 
[browser] ./app/globals.css
Error: Error evaluating Node.js code
CssSyntaxError: C:\Users\Karan\my-next-app\app\globals.css:7:7: Unknown word Brand
    [at Input.error (turbopack:///[project]/node_modules/postcss/lib/input.js:135:16)]
    [at Parser.unknownWord (turbopack:///[project]/node_modules/postcss/lib/parser.js:605:22)]
    [at Parser.decl (turbopack:///[project]/node_modules/postcss/lib/parser.js:242:14)]
    [at Parser.other (turbopack:///[project]/node_modules/postcss/lib/parser.js:411:18)]
    [at Parser.parse (turbopack:///[project]/node_modules/postcss/lib/parser.js:482:16)]
    [at parser (turbopack:///[project]/node_modules/postcss/lib/parse.js:11:12)]
    [at new LazyResult (turbopack:///[project]/node_modules/postcss/lib/lazy-result.js:171:16)]
    [at Processor.process (turbopack:///[project]/node_modules/postcss/lib/processor.js:53:14)]
    [at transform (turbopack:///[turbopack-node]/transforms/postcss.ts?config=[project]/postcss.config.mjs:70:51)]
    [at run (turbopack:///[turbopack-node]/child_process/evaluate.ts:89:29)]

Import trace:
  Client Component Browser:
    ./app/globals.css [Client Component Browser]
    ./app/layout.tsx [Server Component] 
[browser] ./app/globals.css
Error: Error evaluating Node.js code
CssSyntaxError: C:\Users\Karan\my-next-app\app\globals.css:7:7: Unknown word Brand
    [at Input.error (turbopack:///[project]/node_modules/postcss/lib/input.js:135:16)]
    [at Parser.unknownWord (turbopack:///[project]/node_modules/postcss/lib/parser.js:605:22)]
    [at Parser.decl (turbopack:///[project]/node_modules/postcss/lib/parser.js:242:14)]
    [at Parser.other (turbopack:///[project]/node_modules/postcss/lib/parser.js:411:18)]
    [at Parser.parse (turbopack:///[project]/node_modules/postcss/lib/parser.js:482:16)]
    [at parser (turbopack:///[project]/node_modules/postcss/lib/parse.js:11:12)]
    [at new LazyResult (turbopack:///[project]/node_modules/postcss/lib/lazy-result.js:171:16)]
    [at Processor.process (turbopack:///[project]/node_modules/postcss/lib/processor.js:53:14)]
    [at transform (turbopack:///[turbopack-node]/transforms/postcss.ts?config=[project]/postcss.config.mjs:70:51)]
    [at run (turbopack:///[turbopack-node]/child_process/evaluate.ts:89:29)]

Import trace:
  Client Component Browser:
    ./app/globals.css [Client Component Browser]
    ./app/layout.tsx [Server Component] 
[browser] ./app/globals.css
Error: Error evaluating Node.js code
CssSyntaxError: C:\Users\Karan\my-next-app\app\globals.css:7:7: Unknown word Brand
    [at Input.error (turbopack:///[project]/node_modules/postcss/lib/input.js:135:16)]
    [at Parser.unknownWord (turbopack:///[project]/node_modules/postcss/lib/parser.js:605:22)]
    [at Parser.decl (turbopack:///[project]/node_modules/postcss/lib/parser.js:242:14)]
    [at Parser.other (turbopack:///[project]/node_modules/postcss/lib/parser.js:411:18)]
    [at Parser.parse (turbopack:///[project]/node_modules/postcss/lib/parser.js:482:16)]
    [at parser (turbopack:///[project]/node_modules/postcss/lib/parse.js:11:12)]
    [at new LazyResult (turbopack:///[project]/node_modules/postcss/lib/lazy-result.js:171:16)]
    [at Processor.process (turbopack:///[project]/node_modules/postcss/lib/processor.js:53:14)]
    [at transform (turbopack:///[turbopack-node]/transforms/postcss.ts?config=[project]/postcss.config.mjs:70:51)]
    [at run (turbopack:///[turbopack-node]/child_process/evaluate.ts:89:29)]

Import trace:
  Client Component Browser:
    ./app/globals.css [Client Component Browser]
    ./app/layout.tsx [Server Component] 
[browser] ./app/globals.css
Error: Error evaluating Node.js code
CssSyntaxError: C:\Users\Karan\my-next-app\app\globals.css:7:7: Unknown word Brand
    [at Input.error (turbopack:///[project]/node_modules/postcss/lib/input.js:135:16)]
    [at Parser.unknownWord (turbopack:///[project]/node_modules/postcss/lib/parser.js:605:22)]
    [at Parser.decl (turbopack:///[project]/node_modules/postcss/lib/parser.js:242:14)]
    [at Parser.other (turbopack:///[project]/node_modules/postcss/lib/parser.js:411:18)]
    [at Parser.parse (turbopack:///[project]/node_modules/postcss/lib/parser.js:482:16)]
    [at parser (turbopack:///[project]/node_modules/postcss/lib/parse.js:11:12)]
    [at new LazyResult (turbopack:///[project]/node_modules/postcss/lib/lazy-result.js:171:16)]
    [at Processor.process (turbopack:///[project]/node_modules/postcss/lib/processor.js:53:14)]
    [at transform (turbopack:///[turbopack-node]/transforms/postcss.ts?config=[project]/postcss.config.mjs:70:51)]
    [at run (turbopack:///[turbopack-node]/child_process/evaluate.ts:89:29)]

Import trace:
  Client Component Browser:
    ./app/globals.css [Client Component Browser]
    ./app/layout.tsx [Server Component] 
[browser] ./app/globals.css
Error: Error evaluating Node.js code
CssSyntaxError: C:\Users\Karan\my-next-app\app\globals.css:7:7: Unknown word Brand
    [at Input.error (turbopack:///[project]/node_modules/postcss/lib/input.js:135:16)]
    [at Parser.unknownWord (turbopack:///[project]/node_modules/postcss/lib/parser.js:605:22)]
    [at Parser.decl (turbopack:///[project]/node_modules/postcss/lib/parser.js:242:14)]
    [at Parser.other (turbopack:///[project]/node_modules/postcss/lib/parser.js:411:18)]
    [at Parser.parse (turbopack:///[project]/node_modules/postcss/lib/parser.js:482:16)]
    [at parser (turbopack:///[project]/node_modules/postcss/lib/parse.js:11:12)]
    [at new LazyResult (turbopack:///[project]/node_modules/postcss/lib/lazy-result.js:171:16)]
    [at Processor.process (turbopack:///[project]/node_modules/postcss/lib/processor.js:53:14)]
    [at transform (turbopack:///[turbopack-node]/transforms/postcss.ts?config=[project]/postcss.config.mjs:70:51)]
    [at run (turbopack:///[turbopack-node]/child_process/evaluate.ts:89:29)]

Import trace:
  Client Component Browser:
    ./app/globals.css [Client Component Browser]
    ./app/layout.tsx [Server Component] 
[browser] ./app/globals.css
Error: Error evaluating Node.js code
CssSyntaxError: C:\Users\Karan\my-next-app\app\globals.css:7:7: Unknown word Brand
    [at Input.error (turbopack:///[project]/node_modules/postcss/lib/input.js:135:16)]
    [at Parser.unknownWord (turbopack:///[project]/node_modules/postcss/lib/parser.js:605:22)]
    [at Parser.decl (turbopack:///[project]/node_modules/postcss/lib/parser.js:242:14)]
    [at Parser.other (turbopack:///[project]/node_modules/postcss/lib/parser.js:411:18)]
    [at Parser.parse (turbopack:///[project]/node_modules/postcss/lib/parser.js:482:16)]
    [at parser (turbopack:///[project]/node_modules/postcss/lib/parse.js:11:12)]
    [at new LazyResult (turbopack:///[project]/node_modules/postcss/lib/lazy-result.js:171:16)]
    [at Processor.process (turbopack:///[project]/node_modules/postcss/lib/processor.js:53:14)]
    [at transform (turbopack:///[turbopack-node]/transforms/postcss.ts?config=[project]/postcss.config.mjs:70:51)]
    [at run (turbopack:///[turbopack-node]/child_process/evaluate.ts:89:29)]

Import trace:
  Client Component Browser:
    ./app/globals.css [Client Component Browser]
    ./app/layout.tsx [Server Component] 
[browser] ./app/globals.css
Error: Error evaluating Node.js code
CssSyntaxError: C:\Users\Karan\my-next-app\app\globals.css:7:7: Unknown word Brand
    [at Input.error (turbopack:///[project]/node_modules/postcss/lib/input.js:135:16)]
    [at Parser.unknownWord (turbopack:///[project]/node_modules/postcss/lib/parser.js:605:22)]
    [at Parser.decl (turbopack:///[project]/node_modules/postcss/lib/parser.js:242:14)]
    [at Parser.other (turbopack:///[project]/node_modules/postcss/lib/parser.js:411:18)]
    [at Parser.parse (turbopack:///[project]/node_modules/postcss/lib/parser.js:482:16)]
    [at parser (turbopack:///[project]/node_modules/postcss/lib/parse.js:11:12)]
    [at new LazyResult (turbopack:///[project]/node_modules/postcss/lib/lazy-result.js:171:16)]
    [at Processor.process (turbopack:///[project]/node_modules/postcss/lib/processor.js:53:14)]
    [at transform (turbopack:///[turbopack-node]/transforms/postcss.ts?config=[project]/postcss.config.mjs:70:51)]
    [at run (turbopack:///[turbopack-node]/child_process/evaluate.ts:89:29)]

Import trace:
  Client Component Browser:
    ./app/globals.css [Client Component Browser]
    ./app/layout.tsx [Server Component] 
[browser] ./app/globals.css
Error: Error evaluating Node.js code
CssSyntaxError: C:\Users\Karan\my-next-app\app\globals.css:7:7: Unknown word Brand
    [at Input.error (turbopack:///[project]/node_modules/postcss/lib/input.js:135:16)]
    [at Parser.unknownWord (turbopack:///[project]/node_modules/postcss/lib/parser.js:605:22)]
    [at Parser.decl (turbopack:///[project]/node_modules/postcss/lib/parser.js:242:14)]
    [at Parser.other (turbopack:///[project]/node_modules/postcss/lib/parser.js:411:18)]
    [at Parser.parse (turbopack:///[project]/node_modules/postcss/lib/parser.js:482:16)]
    [at parser (turbopack:///[project]/node_modules/postcss/lib/parse.js:11:12)]
    [at new LazyResult (turbopack:///[project]/node_modules/postcss/lib/lazy-result.js:171:16)]
    [at Processor.process (turbopack:///[project]/node_modules/postcss/lib/processor.js:53:14)]
    [at transform (turbopack:///[turbopack-node]/transforms/postcss.ts?config=[project]/postcss.config.mjs:70:51)]
    [at run (turbopack:///[turbopack-node]/child_process/evaluate.ts:89:29)]

Import trace:
  Client Component Browser:
    ./app/globals.css [Client Component Browser]
    ./app/layout.tsx [Server Component] 
[browser] ./app/globals.css
Error: Error evaluating Node.js code
CssSyntaxError: C:\Users\Karan\my-next-app\app\globals.css:7:7: Unknown word Brand
    [at Input.error (turbopack:///[project]/node_modules/postcss/lib/input.js:135:16)]
    [at Parser.unknownWord (turbopack:///[project]/node_modules/postcss/lib/parser.js:605:22)]
    [at Parser.decl (turbopack:///[project]/node_modules/postcss/lib/parser.js:242:14)]
    [at Parser.other (turbopack:///[project]/node_modules/postcss/lib/parser.js:411:18)]
    [at Parser.parse (turbopack:///[project]/node_modules/postcss/lib/parser.js:482:16)]
    [at parser (turbopack:///[project]/node_modules/postcss/lib/parse.js:11:12)]
    [at new LazyResult (turbopack:///[project]/node_modules/postcss/lib/lazy-result.js:171:16)]
    [at Processor.process (turbopack:///[project]/node_modules/postcss/lib/processor.js:53:14)]
    [at transform (turbopack:///[turbopack-node]/transforms/postcss.ts?config=[project]/postcss.config.mjs:70:51)]
    [at run (turbopack:///[turbopack-node]/child_process/evaluate.ts:89:29)]

Import trace:
  Client Component Browser:
    ./app/globals.css [Client Component Browser]
    ./app/layout.tsx [Server Component] 
[browser] ./app/globals.css
Error: Error evaluating Node.js code
CssSyntaxError: C:\Users\Karan\my-next-app\app\globals.css:7:7: Unknown word Brand
    [at Input.error (turbopack:///[project]/node_modules/postcss/lib/input.js:135:16)]
    [at Parser.unknownWord (turbopack:///[project]/node_modules/postcss/lib/parser.js:605:22)]
    [at Parser.decl (turbopack:///[project]/node_modules/postcss/lib/parser.js:242:14)]
    [at Parser.other (turbopack:///[project]/node_modules/postcss/lib/parser.js:411:18)]
    [at Parser.parse (turbopack:///[project]/node_modules/postcss/lib/parser.js:482:16)]
    [at parser (turbopack:///[project]/node_modules/postcss/lib/parse.js:11:12)]
    [at new LazyResult (turbopack:///[project]/node_modules/postcss/lib/lazy-result.js:171:16)]
    [at Processor.process (turbopack:///[project]/node_modules/postcss/lib/processor.js:53:14)]
    [at transform (turbopack:///[turbopack-node]/transforms/postcss.ts?config=[project]/postcss.config.mjs:70:51)]
    [at run (turbopack:///[turbopack-node]/child_process/evaluate.ts:89:29)]

Import trace:
  Client Component Browser:
    ./app/globals.css [Client Component Browser]
    ./app/layout.tsx [Server Component] 
[browser] ./app/globals.css
Error: Error evaluating Node.js code
CssSyntaxError: C:\Users\Karan\my-next-app\app\globals.css:7:7: Unknown word Brand
    [at Input.error (turbopack:///[project]/node_modules/postcss/lib/input.js:135:16)]
    [at Parser.unknownWord (turbopack:///[project]/node_modules/postcss/lib/parser.js:605:22)]
    [at Parser.decl (turbopack:///[project]/node_modules/postcss/lib/parser.js:242:14)]
    [at Parser.other (turbopack:///[project]/node_modules/postcss/lib/parser.js:411:18)]
    [at Parser.parse (turbopack:///[project]/node_modules/postcss/lib/parser.js:482:16)]
    [at parser (turbopack:///[project]/node_modules/postcss/lib/parse.js:11:12)]
    [at new LazyResult (turbopack:///[project]/node_modules/postcss/lib/lazy-result.js:171:16)]
    [at Processor.process (turbopack:///[project]/node_modules/postcss/lib/processor.js:53:14)]
    [at transform (turbopack:///[turbopack-node]/transforms/postcss.ts?config=[project]/postcss.config.mjs:70:51)]
    [at run (turbopack:///[turbopack-node]/child_process/evaluate.ts:89:29)]

Import trace:
  Client Component Browser:
    ./app/globals.css [Client Component Browser]
    ./app/layout.tsx [Server Component] 
[browser] ./app/globals.css
Error: Error evaluating Node.js code
CssSyntaxError: C:\Users\Karan\my-next-app\app\globals.css:7:7: Unknown word Brand
    [at Input.error (turbopack:///[project]/node_modules/postcss/lib/input.js:135:16)]
    [at Parser.unknownWord (turbopack:///[project]/node_modules/postcss/lib/parser.js:605:22)]
    [at Parser.decl (turbopack:///[project]/node_modules/postcss/lib/parser.js:242:14)]
    [at Parser.other (turbopack:///[project]/node_modules/postcss/lib/parser.js:411:18)]
    [at Parser.parse (turbopack:///[project]/node_modules/postcss/lib/parser.js:482:16)]
    [at parser (turbopack:///[project]/node_modules/postcss/lib/parse.js:11:12)]
    [at new LazyResult (turbopack:///[project]/node_modules/postcss/lib/lazy-result.js:171:16)]
    [at Processor.process (turbopack:///[project]/node_modules/postcss/lib/processor.js:53:14)]
    [at transform (turbopack:///[turbopack-node]/transforms/postcss.ts?config=[project]/postcss.config.mjs:70:51)]
    [at run (turbopack:///[turbopack-node]/child_process/evaluate.ts:89:29)]

Import trace:
  Client Component Browser:
    ./app/globals.css [Client Component Browser]
    ./app/layout.tsx [Server Component] 
[browser] ./app/globals.css
Error: Error evaluating Node.js code
CssSyntaxError: C:\Users\Karan\my-next-app\app\globals.css:7:7: Unknown word Brand
    [at Input.error (turbopack:///[project]/node_modules/postcss/lib/input.js:135:16)]
    [at Parser.unknownWord (turbopack:///[project]/node_modules/postcss/lib/parser.js:605:22)]
    [at Parser.decl (turbopack:///[project]/node_modules/postcss/lib/parser.js:242:14)]
    [at Parser.other (turbopack:///[project]/node_modules/postcss/lib/parser.js:411:18)]
    [at Parser.parse (turbopack:///[project]/node_modules/postcss/lib/parser.js:482:16)]
    [at parser (turbopack:///[project]/node_modules/postcss/lib/parse.js:11:12)]
    [at new LazyResult (turbopack:///[project]/node_modules/postcss/lib/lazy-result.js:171:16)]
    [at Processor.process (turbopack:///[project]/node_modules/postcss/lib/processor.js:53:14)]
    [at transform (turbopack:///[turbopack-node]/transforms/postcss.ts?config=[project]/postcss.config.mjs:70:51)]
    [at run (turbopack:///[turbopack-node]/child_process/evaluate.ts:89:29)]

Import trace:
  Client Component Browser:
    ./app/globals.css [Client Component Browser]
    ./app/layout.tsx [Server Component] 
[browser] ./app/globals.css
Error: Error evaluating Node.js code
CssSyntaxError: C:\Users\Karan\my-next-app\app\globals.css:7:7: Unknown word Brand
    [at Input.error (turbopack:///[project]/node_modules/postcss/lib/input.js:135:16)]
    [at Parser.unknownWord (turbopack:///[project]/node_modules/postcss/lib/parser.js:605:22)]
    [at Parser.decl (turbopack:///[project]/node_modules/postcss/lib/parser.js:242:14)]
    [at Parser.other (turbopack:///[project]/node_modules/postcss/lib/parser.js:411:18)]
    [at Parser.parse (turbopack:///[project]/node_modules/postcss/lib/parser.js:482:16)]
    [at parser (turbopack:///[project]/node_modules/postcss/lib/parse.js:11:12)]
    [at new LazyResult (turbopack:///[project]/node_modules/postcss/lib/lazy-result.js:171:16)]
    [at Processor.process (turbopack:///[project]/node_modules/postcss/lib/processor.js:53:14)]
    [at transform (turbopack:///[turbopack-node]/transforms/postcss.ts?config=[project]/postcss.config.mjs:70:51)]
    [at run (turbopack:///[turbopack-node]/child_process/evaluate.ts:89:29)]

Import trace:
  Client Component Browser:
    ./app/globals.css [Client Component Browser]
    ./app/layout.tsx [Server Component] 
[browser] ./app/globals.css
Error: Error evaluating Node.js code
CssSyntaxError: C:\Users\Karan\my-next-app\app\globals.css:7:7: Unknown word Brand
    [at Input.error (turbopack:///[project]/node_modules/postcss/lib/input.js:135:16)]
    [at Parser.unknownWord (turbopack:///[project]/node_modules/postcss/lib/parser.js:605:22)]
    [at Parser.decl (turbopack:///[project]/node_modules/postcss/lib/parser.js:242:14)]
    [at Parser.other (turbopack:///[project]/node_modules/postcss/lib/parser.js:411:18)]
    [at Parser.parse (turbopack:///[project]/node_modules/postcss/lib/parser.js:482:16)]
    [at parser (turbopack:///[project]/node_modules/postcss/lib/parse.js:11:12)]
    [at new LazyResult (turbopack:///[project]/node_modules/postcss/lib/lazy-result.js:171:16)]
    [at Processor.process (turbopack:///[project]/node_modules/postcss/lib/processor.js:53:14)]
    [at transform (turbopack:///[turbopack-node]/transforms/postcss.ts?config=[project]/postcss.config.mjs:70:51)]
    [at run (turbopack:///[turbopack-node]/child_process/evaluate.ts:89:29)]

Import trace:
  Client Component Browser:
    ./app/globals.css [Client Component Browser]
    ./app/layout.tsx [Server Component] 
[browser] ./app/globals.css
Error: Error evaluating Node.js code
CssSyntaxError: C:\Users\Karan\my-next-app\app\globals.css:7:7: Unknown word Brand
    [at Input.error (turbopack:///[project]/node_modules/postcss/lib/input.js:135:16)]
    [at Parser.unknownWord (turbopack:///[project]/node_modules/postcss/lib/parser.js:605:22)]
    [at Parser.decl (turbopack:///[project]/node_modules/postcss/lib/parser.js:242:14)]
    [at Parser.other (turbopack:///[project]/node_modules/postcss/lib/parser.js:411:18)]
    [at Parser.parse (turbopack:///[project]/node_modules/postcss/lib/parser.js:482:16)]
    [at parser (turbopack:///[project]/node_modules/postcss/lib/parse.js:11:12)]
    [at new LazyResult (turbopack:///[project]/node_modules/postcss/lib/lazy-result.js:171:16)]
    [at Processor.process (turbopack:///[project]/node_modules/postcss/lib/processor.js:53:14)]
    [at transform (turbopack:///[turbopack-node]/transforms/postcss.ts?config=[project]/postcss.config.mjs:70:51)]
    [at run (turbopack:///[turbopack-node]/child_process/evaluate.ts:89:29)]

Import trace:
  Client Component Browser:
    ./app/globals.css [Client Component Browser]
    ./app/layout.tsx [Server Component] 
[browser] ./app/globals.css
Error: Error evaluating Node.js code
CssSyntaxError: C:\Users\Karan\my-next-app\app\globals.css:7:7: Unknown word Brand
    [at Input.error (turbopack:///[project]/node_modules/postcss/lib/input.js:135:16)]
    [at Parser.unknownWord (turbopack:///[project]/node_modules/postcss/lib/parser.js:605:22)]
    [at Parser.decl (turbopack:///[project]/node_modules/postcss/lib/parser.js:242:14)]
    [at Parser.other (turbopack:///[project]/node_modules/postcss/lib/parser.js:411:18)]
    [at Parser.parse (turbopack:///[project]/node_modules/postcss/lib/parser.js:482:16)]
    [at parser (turbopack:///[project]/node_modules/postcss/lib/parse.js:11:12)]
    [at new LazyResult (turbopack:///[project]/node_modules/postcss/lib/lazy-result.js:171:16)]
    [at Processor.process (turbopack:///[project]/node_modules/postcss/lib/processor.js:53:14)]
    [at transform (turbopack:///[turbopack-node]/transforms/postcss.ts?config=[project]/postcss.config.mjs:70:51)]
    [at run (turbopack:///[turbopack-node]/child_process/evaluate.ts:89:29)]

Import trace:
  Client Component Browser:
    ./app/globals.css [Client Component Browser]
    ./app/layout.tsx [Server Component] 
[browser] ./app/globals.css
Error: Error evaluating Node.js code
CssSyntaxError: C:\Users\Karan\my-next-app\app\globals.css:7:7: Unknown word Brand
    [at Input.error (turbopack:///[project]/node_modules/postcss/lib/input.js:135:16)]
    [at Parser.unknownWord (turbopack:///[project]/node_modules/postcss/lib/parser.js:605:22)]
    [at Parser.decl (turbopack:///[project]/node_modules/postcss/lib/parser.js:242:14)]
    [at Parser.other (turbopack:///[project]/node_modules/postcss/lib/parser.js:411:18)]
    [at Parser.parse (turbopack:///[project]/node_modules/postcss/lib/parser.js:482:16)]
    [at parser (turbopack:///[project]/node_modules/postcss/lib/parse.js:11:12)]
    [at new LazyResult (turbopack:///[project]/node_modules/postcss/lib/lazy-result.js:171:16)]
    [at Processor.process (turbopack:///[project]/node_modules/postcss/lib/processor.js:53:14)]
    [at transform (turbopack:///[turbopack-node]/transforms/postcss.ts?config=[project]/postcss.config.mjs:70:51)]
    [at run (turbopack:///[turbopack-node]/child_process/evaluate.ts:89:29)]

Import trace:
  Client Component Browser:
    ./app/globals.css [Client Component Browser]
    ./app/layout.tsx [Server Component] 
[browser] ./app/globals.css
Error: Error evaluating Node.js code
CssSyntaxError: C:\Users\Karan\my-next-app\app\globals.css:7:7: Unknown word Brand
    [at Input.error (turbopack:///[project]/node_modules/postcss/lib/input.js:135:16)]
    [at Parser.unknownWord (turbopack:///[project]/node_modules/postcss/lib/parser.js:605:22)]
    [at Parser.decl (turbopack:///[project]/node_modules/postcss/lib/parser.js:242:14)]
    [at Parser.other (turbopack:///[project]/node_modules/postcss/lib/parser.js:411:18)]
    [at Parser.parse (turbopack:///[project]/node_modules/postcss/lib/parser.js:482:16)]
    [at parser (turbopack:///[project]/node_modules/postcss/lib/parse.js:11:12)]
    [at new LazyResult (turbopack:///[project]/node_modules/postcss/lib/lazy-result.js:171:16)]
    [at Processor.process (turbopack:///[project]/node_modules/postcss/lib/processor.js:53:14)]
    [at transform (turbopack:///[turbopack-node]/transforms/postcss.ts?config=[project]/postcss.config.mjs:70:51)]
    [at run (turbopack:///[turbopack-node]/child_process/evaluate.ts:89:29)]

Import trace:
  Client Component Browser:
    ./app/globals.css [Client Component Browser]
    ./app/layout.tsx [Server Component] 
 GET /pricing 200 in 5.9s (next.js: 29ms, application-code: 5.9s)
 GET /pricing 200 in 2.1s (next.js: 163ms, application-code: 1941ms)
 GET /pricing 200 in 528ms (next.js: 118ms, application-code: 410ms)
 GET /pricing 200 in 329ms (next.js: 71ms, application-code: 258ms)
 GET /pricing 200 in 168ms (next.js: 11ms, application-code: 156ms)
 GET /pricing 200 in 128ms (next.js: 10ms, application-code: 118ms)
 GET /pricing 200 in 323ms (next.js: 9ms, application-code: 314ms)
 GET /pricing 200 in 635ms (next.js: 115ms, application-code: 520ms)
✓ Compiled in 1679ms
✓ Compiled in 1470ms
 GET /pricing 200 in 439ms (next.js: 87ms, application-code: 352ms)
[browser] ./app/globals.css
Error: Error evaluating Node.js code
CssSyntaxError: C:\Users\Karan\my-next-app\app\globals.css:1698:1: Unexpected }
    [at Input.error (turbopack:///[project]/node_modules/postcss/lib/input.js:135:16)]
    [at Parser.unexpectedClose (turbopack:///[project]/node_modules/postcss/lib/parser.js:597:22)]
    [at Parser.end (turbopack:///[project]/node_modules/postcss/lib/parser.js:337:12)]
    [at Parser.parse (turbopack:///[project]/node_modules/postcss/lib/parser.js:466:16)]
    [at parser (turbopack:///[project]/node_modules/postcss/lib/parse.js:11:12)]
    [at new LazyResult (turbopack:///[project]/node_modules/postcss/lib/lazy-result.js:171:16)]
    [at Processor.process (turbopack:///[project]/node_modules/postcss/lib/processor.js:53:14)]
    [at transform (turbopack:///[turbopack-node]/transforms/postcss.ts?config=[project]/postcss.config.mjs:70:51)]
    [at run (turbopack:///[turbopack-node]/child_process/evaluate.ts:89:29)]
    [at run (turbopack:///[turbopack-node]/child_process/evaluate.ts:112:11)]

Import trace:
  Client Component Browser:
    ./app/globals.css [Client Component Browser]
    ./app/layout.tsx [Server Component] 
 GET /pricing 200 in 2.4s (next.js: 116ms, application-code: 2.3s)
 GET /pricing 200 in 1461ms (next.js: 61ms, application-code: 1400ms)
 GET /pricing 200 in 2.8s (next.js: 26ms, application-code: 2.7s)
✓ Compiled in 825ms
✓ Compiled in 227ms
 GET /pricing 200 in 257ms (next.js: 58ms, application-code: 199ms)
✓ Compiled in 1533ms
 GET /contact 200 in 327ms (next.js: 120ms, application-code: 206ms)
 GET /contact 200 in 117ms (next.js: 15ms, application-code: 102ms)
[browser] Detected `scroll-behavior: smooth` on the `<html>` element. To disable smooth scrolling during route transitions, add `data-scroll-behavior="smooth"` to your <html> element. Learn more: https://nextjs.org/docs/messages/missing-data-scroll-behavior
 GET /contact 200 in 280ms (next.js: 8ms, application-code: 272ms)
 GET /contact 200 in 430ms (next.js: 10ms, application-code: 419ms)
 GET /contact 200 in 306ms (next.js: 11ms, application-code: 296ms)
 GET /contact 200 in 100ms (next.js: 15ms, application-code: 85ms)
 GET /contact 200 in 308ms (next.js: 35ms, application-code: 273ms)
 GET / 200 in 1065ms (next.js: 499ms, application-code: 566ms)
 GET /contact 200 in 457ms (next.js: 149ms, application-code: 307ms)
 GET /.well-known/appspecific/com.chrome.devtools.json 404 in 1871ms (next.js: 169ms, application-code: 1701ms)
 GET /contact 200 in 262ms (next.js: 19ms, application-code: 244ms)
 GET / 200 in 144ms (next.js: 8ms, application-code: 136ms)
 GET / 200 in 118ms (next.js: 5ms, application-code: 113ms)
 GET /contact 200 in 546ms (next.js: 14ms, application-code: 532ms)
 GET / 200 in 161ms (next.js: 6ms, application-code: 155ms)
 GET /contact 200 in 94ms (next.js: 13ms, application-code: 81ms)
 GET /contact 200 in 692ms (next.js: 251ms, application-code: 441ms)
 GET /.well-known/appspecific/com.chrome.devtools.json 404 in 4.2s (next.js: 393ms, application-code: 3.8s)
 GET /.well-known/appspecific/com.chrome.devtools.json 404 in 665ms (next.js: 417ms, application-code: 249ms)
 GET /.well-known/appspecific/com.chrome.devtools.json 404 in 285ms (next.js: 16ms, application-code: 269ms)
 GET /contact 200 in 106ms (next.js: 20ms, application-code: 85ms)
 GET / 200 in 205ms (next.js: 8ms, application-code: 196ms)
 GET /.well-known/appspecific/com.chrome.devtools.json 404 in 1022ms (next.js: 65ms, application-code: 957ms)
 GET /contact 200 in 88ms (next.js: 4ms, application-code: 84ms)
 GET /contact 200 in 104ms (next.js: 16ms, application-code: 88ms)
 GET / 200 in 246ms (next.js: 10ms, application-code: 237ms)
 GET /.well-known/appspecific/com.chrome.devtools.json 404 in 1195ms (next.js: 23ms, application-code: 1172ms)
 GET /contact 200 in 135ms (next.js: 15ms, application-code: 120ms)
 GET / 200 in 240ms (next.js: 10ms, application-code: 230ms)
 GET /.well-known/appspecific/com.chrome.devtools.json 404 in 293ms (next.js: 51ms, application-code: 242ms)
 GET / 200 in 385ms (next.js: 6ms, application-code: 379ms)
 GET /contact 200 in 101ms (next.js: 19ms, application-code: 82ms)
 GET /.well-known/appspecific/com.chrome.devtools.json 404 in 167ms (next.js: 15ms, application-code: 152ms)
 GET /contact 200 in 201ms (next.js: 19ms, application-code: 182ms)
 GET / 200 in 298ms (next.js: 11ms, application-code: 287ms)
 GET /.well-known/appspecific/com.chrome.devtools.json 404 in 240ms (next.js: 15ms, application-code: 225ms)
 GET /contact 200 in 118ms (next.js: 16ms, application-code: 102ms)
 GET / 200 in 229ms (next.js: 8ms, application-code: 221ms)
 GET /.well-known/appspecific/com.chrome.devtools.json 404 in 965ms (next.js: 16ms, application-code: 950ms)
 GET /contact 200 in 77ms (next.js: 15ms, application-code: 63ms)
 GET / 200 in 168ms (next.js: 5ms, application-code: 163ms)
 GET /.well-known/appspecific/com.chrome.devtools.json 404 in 264ms (next.js: 14ms, application-code: 250ms)
 GET /contact 200 in 231ms (next.js: 19ms, application-code: 212ms)
 GET / 200 in 393ms (next.js: 8ms, application-code: 385ms)
 GET /.well-known/appspecific/com.chrome.devtools.json 404 in 138ms (next.js: 14ms, application-code: 123ms)
 GET /contact 200 in 184ms (next.js: 18ms, application-code: 166ms)
 GET / 200 in 317ms (next.js: 11ms, application-code: 306ms)
 GET /.well-known/appspecific/com.chrome.devtools.json 404 in 1852ms (next.js: 15ms, application-code: 1837ms)
 GET /contact 200 in 164ms (next.js: 4ms, application-code: 159ms)
 GET /.well-known/appspecific/com.chrome.devtools.json 404 in 481ms (next.js: 31ms, application-code: 450ms)
 GET /.well-known/appspecific/com.chrome.devtools.json 404 in 159ms (next.js: 17ms, application-code: 142ms)
 GET /contact 200 in 146ms (next.js: 12ms, application-code: 135ms)
 GET / 200 in 261ms (next.js: 6ms, application-code: 255ms)
 GET /.well-known/appspecific/com.chrome.devtools.json 404 in 162ms (next.js: 16ms, application-code: 147ms)
 GET /contact 200 in 799ms (next.js: 163ms, application-code: 636ms)
 GET /.well-known/appspecific/com.chrome.devtools.json 200 in 1064ms (next.js: 67ms, application-code: 997ms)
 GET /contact 200 in 451ms (next.js: 113ms, application-code: 338ms)
 GET /contact 200 in 113ms (next.js: 17ms, application-code: 96ms)
 GET /contact 200 in 81ms (next.js: 9ms, application-code: 72ms)
 GET /contact 200 in 79ms (next.js: 8ms, application-code: 71ms)
 GET /contact 200 in 64ms (next.js: 8ms, application-code: 55ms)
 GET /contact 200 in 267ms (next.js: 9ms, application-code: 258ms)
 GET / 200 in 304ms (next.js: 8ms, application-code: 296ms)
 GET / 200 in 277ms (next.js: 21ms, application-code: 256ms)
 GET /contact 200 in 202ms (next.js: 10ms, application-code: 193ms)
 GET /pricing 200 in 239ms (next.js: 57ms, application-code: 181ms)
[browser] Detected `scroll-behavior: smooth` on the `<html>` element. To disable smooth scrolling during route transitions, add `data-scroll-behavior="smooth"` to your <html> element. Learn more: https://nextjs.org/docs/messages/missing-data-scroll-behavior
 GET /contact 200 in 167ms (next.js: 14ms, application-code: 153ms)
 GET / 200 in 124ms (next.js: 9ms, application-code: 115ms)
[browser] Detected `scroll-behavior: smooth` on the `<html>` element. To disable smooth scrolling during route transitions, add `data-scroll-behavior="smooth"` to your <html> element. Learn more: https://nextjs.org/docs/messages/missing-data-scroll-behavior
